$ next build
 ⚠ Invalid next.config.js options detected: 
 ⚠     Unrecognized key(s) in object: 'appDir' at "experimental"
 ⚠ See more info here: https://nextjs.org/docs/messages/invalid-next-config
   ▲ Next.js 15.5.20
   - Experiments (use with caution):
     ✓ appDir

   Creating an optimized production build ...
Failed to compile.

./src/app/settings/page.tsx
Module parse failed: Duplicate export 'default' (98:7)
File was processed with these loaders:
 * ./node_modules/.pnpm/next@15.5.20_react-dom@19.2.7_react@19.2.7__react@19.2.7/node_modules/next/dist/build/webpack/loaders/next-flight-client-module-loader.js
 * ./node_modules/.pnpm/next@15.5.20_react-dom@19.2.7_react@19.2.7__react@19.2.7/node_modules/next/dist/build/webpack/loaders/next-swc-loader.js
You may need an additional loader to handle the result of these loaders.
| import { upsertUserFromClerk } from '@/lib/clerk';
| import { redirect } from 'next/navigation';
> export default async function SettingsPage() {
|     const { userId } = getAuth();
|     if (!userId) redirect('/sign-in');

Import trace for requested module:
./src/app/settings/page.tsx

./src/app/settings/page.tsx
Module parse failed: Duplicate export 'default' (8:7)
File was processed with these loaders:
 * ./node_modules/.pnpm/next@15.5.20_react-dom@19.2.7_react@19.2.7__react@19.2.7/node_modules/next/dist/build/webpack/loaders/next-flight-loader/index.js
 * ./node_modules/.pnpm/next@15.5.20_react-dom@19.2.7_react@19.2.7__react@19.2.7/node_modules/next/dist/build/webpack/loaders/next-swc-loader.js
You may need an additional loader to handle the result of these loaders.
| "default",
| );
> export default registerClientReference(
| function() { throw new Error("Attempted to call the default export of \"C:\\\\Users\\\\ADMIN\\\\Desktop\\\\New folder\\\\src\\\\app\\\\settings\\\\page.tsx\" from the server, but it's on the client. It's not possible to invoke a client function from the server, it can only be rendered as a Component or passed to props of a Client Component."); },
| "C:\\Users\\ADMIN\\Desktop\\New folder\\src\\app\\settings\\page.tsx",

Import trace for requested module:
./src/app/settings/page.tsx


> Build failed because of webpack errors
[ELIFECYCLE] Command failed with exit code 1.
